ERROR :: Connection established but timed out waiting for response.
