127.0.0.1 -T -o test_outdir -a test-credentials -p 143
