example.com -o test_outdir -a test_credentials -p 1000000000
