127.0.0.1 -o test_outdir -a test-credentials -p 993
