ERROR :: Credential file invalid: test_credentials
