127.0.0.1 -T -c ./certs/mailcert.pem -a test-credentials -b INBOX -o test_outdir -h
