127.0.0.1 -T -c ./certs/mailcert.pem -a test-credentials -b Important -o test_outdir
