example.com -o test_outdir -a test_credentials -i
